###############################################################################
#
# IAR ELF Linker V9.10.2.313/W64 for ARM                  14/Aug/2021  17:07:16
# Copyright 2007-2021 IAR Systems AB.
#
#    Output file  =
#        C:\Users\Andre\Desktop\TM4C1294_RTOS_IAR9-main\Projects\desafio\Debug\Exe\desafio.out
#    Map file     =
#        C:\Users\Andre\Desktop\TM4C1294_RTOS_IAR9-main\Projects\desafio\Debug\List\desafio.map
#    Command line =
#        -f
#        C:\Users\Andre\Desktop\TM4C1294_RTOS_IAR9-main\Projects\desafio\Debug\Exe\desafio.out.rsp
#        (C:\Users\Andre\Desktop\TM4C1294_RTOS_IAR9-main\Projects\desafio\Debug\Obj\driverbuttons.o
#        C:\Users\Andre\Desktop\TM4C1294_RTOS_IAR9-main\Projects\desafio\Debug\Obj\driverleds.o
#        C:\Users\Andre\Desktop\TM4C1294_RTOS_IAR9-main\TivaWare_C_Series-2.1.4.178\driverlib\ewarm\Exe\driverlib.a
#        C:\Users\Andre\Desktop\TM4C1294_RTOS_IAR9-main\CMSIS-5.6.0\CMSIS\RTOS2\RTX\Library\IAR\IDE\CM4F\Exe\RTX_CM.a
#        C:\Users\Andre\Desktop\TM4C1294_RTOS_IAR9-main\Projects\desafio\Debug\Obj\RTX_Config.o
#        C:\Users\Andre\Desktop\TM4C1294_RTOS_IAR9-main\Projects\desafio\Debug\Obj\rtx_lib.o
#        C:\Users\Andre\Desktop\TM4C1294_RTOS_IAR9-main\Projects\desafio\Debug\Obj\startup_TM4C1294.o
#        C:\Users\Andre\Desktop\TM4C1294_RTOS_IAR9-main\Projects\desafio\Debug\Obj\system_TM4C1294_TW.o
#        C:\Users\Andre\Desktop\TM4C1294_RTOS_IAR9-main\Projects\desafio\Debug\Obj\tarefas.o
#        --no_out_extension -o
#        C:\Users\Andre\Desktop\TM4C1294_RTOS_IAR9-main\Projects\desafio\Debug\Exe\desafio.out
#        --map
#        C:\Users\Andre\Desktop\TM4C1294_RTOS_IAR9-main\Projects\desafio\Debug\List\desafio.map
#        --config "C:\Program Files\IAR Systems\Embedded Workbench
#        9.0\arm\config\linker\TexasInstruments\TM4C1294NC.icf" --semihosting
#        --entry __iar_program_start --vfe --text_out locale)
#
###############################################################################

*******************************************************************************
*** RUNTIME MODEL ATTRIBUTES
***

CppFlavor       = *
__SystemLibrary = DLib
__dlib_version  = 6


*******************************************************************************
*** HEAP SELECTION
***

The basic heap was selected because some modules are built with
size limitations (and not runtime checking), and --advanced_heap
was not specified.


*******************************************************************************
*** PLACEMENT SUMMARY
***

"A0":  place at address 0x0 { ro section .intvec };
"P1":  place in [from 0x0 to 0xf'ffff] { ro };
define block CSTACK with size = 32K, alignment = 8 { };
define block HEAP with size = 64K, alignment = 8 { };
"P2":  place in [from 0x2000'0000 to 0x2003'ffff] {
          rw, block CSTACK, block HEAP };
initialize by copy { rw };

  Section               Kind         Address    Size  Object
  -------               ----         -------    ----  ------
"A0":                                          0x3c0
  .intvec               ro code          0x0   0x3c0  startup_TM4C1294.o [1]
                                     - 0x3c0   0x3c0

"P1":                                         0x2c3d
  .text                 ro code        0x3c0   0x760  rtx_thread.o [2]
  .text                 ro code        0xb20     0x2  rtx_evr.o [2]
  .text                 ro code        0xb22     0x2  rtx_evr.o [2]
  .text                 ro code        0xb24     0x2  rtx_evr.o [2]
  .text                 ro code        0xb26     0x2  rtx_evr.o [2]
  .text                 ro code        0xb28     0x2  rtx_evr.o [2]
  .text                 ro code        0xb2a     0x2  rtx_evr.o [2]
  .text                 ro code        0xb2c     0x2  rtx_evr.o [2]
  .text                 ro code        0xb2e     0x2  rtx_evr.o [2]
  .text                 ro code        0xb30     0x2  rtx_evr.o [2]
  .text                 ro code        0xb32     0x2  rtx_evr.o [2]
  .text                 ro code        0xb34    0x28  rtx_thread.o [2]
  .text                 ro code        0xb5c     0x2  rtx_evr.o [2]
  .text                 ro code        0xb5e     0x2  rtx_evr.o [2]
  .text                 ro code        0xb60     0x2  rtx_evr.o [2]
  .text                 ro code        0xb62    0x3a  packbits_init_single.o [5]
  .text                 ro code        0xb9c    0xe6  rtx_mempool.o [2]
  .text                 ro code        0xc82     0x2  rtx_evr.o [2]
  .text                 ro code        0xc84    0x84  rtx_memory.o [2]
  .text                 ro code        0xd08     0x6  ABImemclr4.o [5]
  .text                 ro code        0xd0e     0x2  rtx_evr.o [2]
  .text                 ro code        0xd10    0x4a  rtx_memory.o [2]
  .text                 ro code        0xd5a     0x2  RTX_Config.o [1]
  .text                 ro code        0xd5c   0x34c  rtx_mutex.o [2]
  .text                 ro code       0x10a8     0x2  rtx_evr.o [2]
  .text                 ro code       0x10aa     0x2  rtx_evr.o [2]
  .text                 ro code       0x10ac     0x2  rtx_evr.o [2]
  .text                 ro code       0x10ae     0x2  rtx_evr.o [2]
  .text                 ro code       0x10b0    0x20  RTX_Config.o [1]
  .text                 ro code       0x10d0     0x2  rtx_evr.o [2]
  .text                 ro code       0x10d2     0x2  rtx_evr.o [2]
  .text                 ro code       0x10d4     0x2  rtx_evr.o [2]
  .text                 ro code       0x10d6     0x2  rtx_evr.o [2]
  .text                 ro code       0x10d8    0x32  ABImemset48.o [5]
  .text                 ro code       0x110a     0x2  rtx_evr.o [2]
  .text                 ro code       0x110c     0x2  rtx_evr.o [2]
  .text                 ro code       0x110e     0x2  rtx_evr.o [2]
  .text                 ro code       0x1110     0x2  rtx_evr.o [2]
  .text                 ro code       0x1112     0x2  rtx_evr.o [2]
  .text                 ro code       0x1114     0x2  rtx_evr.o [2]
  .text                 ro code       0x1116     0x2  rtx_evr.o [2]
  .text                 ro code       0x1118     0x2  rtx_evr.o [2]
  .text                 ro code       0x111a     0x2  rtx_evr.o [2]
  .text                 ro code       0x111c     0x2  rtx_evr.o [2]
  .text                 ro code       0x111e     0x2  startup_TM4C1294.o [1]
  .text                 ro code       0x1120   0x61c  rtx_msgqueue.o [2]
  .text                 ro code       0x173c    0xa6  ABImemcpy.o [5]
  .text                 ro code       0x17e2     0x2  rtx_evr.o [2]
  .text                 ro code       0x17e4     0x2  rtx_evr.o [2]
  .text                 ro code       0x17e6     0x2  rtx_evr.o [2]
  .text                 ro code       0x17e8     0x6  ABImemclr.o [5]
  .text                 ro code       0x17ee     0x2  rtx_evr.o [2]
  .text                 ro code       0x17f0     0x2  rtx_evr.o [2]
  .text                 ro code       0x17f2     0x2  rtx_evr.o [2]
  .text                 ro code       0x17f4     0x2  rtx_evr.o [2]
  .text                 ro code       0x17f6     0x2  rtx_evr.o [2]
  .text                 ro code       0x17f8     0x2  rtx_evr.o [2]
  .text                 ro code       0x17fa     0x2  rtx_evr.o [2]
  .text                 ro code       0x17fc   0x174  rtx_system.o [2]
  .text                 ro code       0x1970     0x2  rtx_evr.o [2]
  .text                 ro code       0x1972     0x2  rtx_evr.o [2]
  .text                 ro code       0x1974    0x5e  ABImemset.o [5]
  .text                 ro code       0x19d4     0xc  os_systick.o [2]
  .text                 ro code       0x19e0   0x514  tarefas.o [1]
  .text                 ro code       0x1ef4   0x2c8  rtx_kernel.o [2]
  .text                 ro code       0x21bc   0x148  driverleds.o [1]
  .text                 ro code       0x2304    0x7c  rtx_delay.o [2]
  .text                 ro code       0x2380    0xd4  driverbuttons.o [1]
  .text                 ro code       0x2454     0x2  rtx_evr.o [2]
  .text                 ro code       0x2456    0x44  rtx_memory.o [2]
  .text                 ro code       0x249a     0x2  rtx_evr.o [2]
  .text                 ro code       0x249c     0x2  rtx_evr.o [2]
  .text                 ro code       0x24a0    0x40  os_systick.o [2]
  .text                 ro code       0x24e0     0x6  os_systick.o [2]
  .text                 ro code       0x24e8    0x2c  os_systick.o [2]
  .text                 ro code       0x2514     0x2  rtx_evr.o [2]
  .text                 ro code       0x2516     0x2  rtx_lib.o [1]
  .text                 ro code       0x2518     0x2  rtx_evr.o [2]
  .text                 ro code       0x251a     0x2  rtx_evr.o [2]
  .text                 ro code       0x251c     0x2  rtx_evr.o [2]
  .text                 ro code       0x2520   0x2a0  sysctl.o [4]
  .text                 ro code       0x27c0   0x1d8  gpio.o [4]
  .text                 ro code       0x2998     0x2  rtx_evr.o [2]
  .text                 ro code       0x299a     0x2  rtx_evr.o [2]
  .text                 ro code       0x299c     0x2  rtx_evr.o [2]
  .text                 ro code       0x29a0    0x70  interrupt.o [4]
  .text                 ro code       0x2a10     0x2  rtx_evr.o [2]
  .rodata               const         0x2a14   0x1b0  sysctl.o [4]
  .text                 ro code       0x2bc4    0xc4  irq_cm4f.o [2]
  .text                 ro code       0x2c88    0x90  rtx_timer.o [2]
  .rodata               const         0x2d18    0x6c  sysctl.o [4]
  .rodata               const         0x2d84    0x68  rtx_lib.o [1]
  .text                 ro code       0x2dec    0x44  rtx_timer.o [2]
  .text                 ro code       0x2e30     0x2  rtx_evr.o [2]
  .text                 ro code       0x2e32    0x38  zero_init3.o [5]
  .rodata               const         0x2e6c    0x30  sysctl.o [4]
  .text                 ro code       0x2e9c    0x30  system_TM4C1294_TW.o [1]
  .text                 ro code       0x2ecc    0x28  data_init.o [5]
  .rodata               const         0x2ef4    0x24  rtx_lib.o [1]
  .rodata               const         0x2f18    0x24  rtx_lib.o [1]
  .iar.init_table       const         0x2f3c    0x20  - Linker created -
  .text                 ro code       0x2f5c    0x1e  cmain.o [5]
  .text                 ro code       0x2f7a     0x4  low_level_init.o [3]
  .text                 ro code       0x2f7e     0x4  exit.o [3]
  .text                 ro code       0x2f84     0xa  cexit.o [5]
  .text                 ro code       0x2f90    0x14  exit.o [6]
  .text                 ro code       0x2fa4    0x1c  cstartup_M.o [5]
  .text                 ro code       0x2fc0    0x14  startup_TM4C1294.o [1]
  .rodata               const         0x2fd4    0x18  rtx_lib.o [1]
  .rodata               const         0x2fec     0x4  rtx_lib.o [1]
  .rodata               const         0x2ff0     0x0  zero_init3.o [5]
  .rodata               const         0x2ff0     0x0  packbits_init_single.o [5]
  Initializer bytes     const         0x2ff0     0xd  <for P2-1>
                                    - 0x2ffd  0x2c3d

"P2", part 1 of 3:                              0xa4
  P2-1                           0x2000'0000    0xa4  <Init block>
    .data.os            inited   0x2000'0000    0xa4  rtx_kernel.o [2]
                               - 0x2000'00a4    0xa4

"P2", part 2 of 3:                            0x139c
  .bss.os               zero     0x2000'00a8  0x1000  rtx_lib.o [1]
  .bss.os.thread.stack  zero     0x2000'10a8   0x100  rtx_lib.o [1]
  .bss.os.thread.stack  zero     0x2000'11a8   0x100  rtx_lib.o [1]
  .bss.os.msgqueue.mem  zero     0x2000'12a8    0x50  rtx_lib.o [1]
  .bss.os.thread.cb     zero     0x2000'12f8    0x44  rtx_lib.o [1]
  .bss.os.thread.cb     zero     0x2000'133c    0x44  rtx_lib.o [1]
  .bss.os               zero     0x2000'1380    0x40  rtx_lib.o [1]
  .bss.os.msgqueue.cb   zero     0x2000'13c0    0x34  rtx_lib.o [1]
  .bss                  zero     0x2000'13f4     0x8  tarefas.o [1]
  .bss                  zero     0x2000'13fc     0x8  tarefas.o [1]
  .bss                  zero     0x2000'1404     0x8  tarefas.o [1]
  .bss                  zero     0x2000'140c     0x8  tarefas.o [1]
  .bss                  zero     0x2000'1414     0x8  tarefas.o [1]
  .bss                  zero     0x2000'141c     0x4  tarefas.o [1]
  .bss                  zero     0x2000'1420     0x4  tarefas.o [1]
  .bss                  zero     0x2000'1424     0x4  tarefas.o [1]
  .bss                  zero     0x2000'1428     0x4  tarefas.o [1]
  .bss                  zero     0x2000'142c     0x4  tarefas.o [1]
  .bss                  zero     0x2000'1430     0x4  tarefas.o [1]
  .bss                  zero     0x2000'1434     0x4  tarefas.o [1]
  .bss                  zero     0x2000'1438     0x4  tarefas.o [1]
  .bss                  zero     0x2000'143c     0x1  tarefas.o [1]
  .bss                  zero     0x2000'143d     0x1  os_systick.o [2]
                               - 0x2000'143e  0x139a

"P2", part 3 of 3:                            0x8008
  .noinit               uninit   0x2000'1440     0x4  system_TM4C1294_TW.o [1]
  CSTACK                         0x2000'1448  0x8000  <Block>
    CSTACK              uninit   0x2000'1448  0x8000  <Block tail>
                               - 0x2000'9448  0x8008

Unused ranges:

         From           To      Size
         ----           --      ----
       0x2ffd     0xf'ffff  0xf'd003
  0x2000'9448  0x2003'ffff  0x3'6bb8


*******************************************************************************
*** INIT TABLE
***

          Address      Size
          -------      ----
Zero (__iar_zero_init3)
    1 destination range, total size 0x1396:
          0x2000'00a8  0x1396

Copy/packbits (__iar_packbits_init_single3)
    1 source range, total size 0xd (7% of destination):
               0x2ff0     0xd
    1 destination range, total size 0xa4:
          0x2000'0000    0xa4



*******************************************************************************
*** MODULE SUMMARY
***

    Module                  ro code  ro data  rw data
    ------                  -------  -------  -------
command line/config:
    -------------------------------------------------
    Total:

C:\Users\Andre\Desktop\TM4C1294_RTOS_IAR9-main\Projects\desafio\Debug\Obj: [1]
    RTX_Config.o                 34
    driverbuttons.o             212
    driverleds.o                328
    rtx_lib.o                     2      204    4'940
    startup_TM4C1294.o          982
    system_TM4C1294_TW.o         48                 4
    tarefas.o                 1'300                73
    -------------------------------------------------
    Total:                    2'906      204    5'017

RTX_CM.a: [2]
    irq_cm4f.o                  196
    os_systick.o                126                 1
    rtx_delay.o                 124
    rtx_evr.o                   114
    rtx_kernel.o                712       13      164
    rtx_memory.o                274
    rtx_mempool.o               230
    rtx_msgqueue.o            1'564
    rtx_mutex.o                 844
    rtx_system.o                372
    rtx_thread.o              1'928
    rtx_timer.o                 212
    -------------------------------------------------
    Total:                    6'696       13      165

dl7M_tln.a: [3]
    exit.o                        4
    low_level_init.o              4
    -------------------------------------------------
    Total:                        8

driverlib.a: [4]
    gpio.o                      472
    interrupt.o                 112
    sysctl.o                    672      588
    -------------------------------------------------
    Total:                    1'256      588

rt7M_tl.a: [5]
    ABImemclr.o                   6
    ABImemclr4.o                  6
    ABImemcpy.o                 166
    ABImemset.o                  94
    ABImemset48.o                50
    cexit.o                      10
    cmain.o                      30
    cstartup_M.o                 28
    data_init.o                  40
    packbits_init_single.o       58
    zero_init3.o                 56
    -------------------------------------------------
    Total:                      544

shb_l.a: [6]
    exit.o                       20
    -------------------------------------------------
    Total:                       20

    Gaps                         14        4        4
    Linker created                        32   32'768
-----------------------------------------------------
    Grand Total:             11'444      841   37'954


*******************************************************************************
*** ENTRY LIST
***

Entry                       Address    Size  Type      Object
-----                       -------    ----  ----      ------
.iar.init_table$$Base        0x2f3c           --   Gb  - Linker created -
.iar.init_table$$Limit       0x2f5c           --   Gb  - Linker created -
?main                        0x2f5d          Code  Gb  cmain.o [5]
ButtonInit                   0x2381    0x46  Code  Gb  driverbuttons.o [1]
ButtonIntClear               0x242d    0x1e  Code  Gb  driverbuttons.o [1]
ButtonIntEnable              0x23ef    0x3e  Code  Gb  driverbuttons.o [1]
ButtonRead                   0x23c7    0x28  Code  Gb  driverbuttons.o [1]
CSTACK$$Base            0x2000'1448           --   Gb  - Linker created -
CSTACK$$Limit           0x2000'9448           --   Gb  - Linker created -
EvrRtxDelayCompleted          0xb21     0x2  Code  Gb  rtx_evr.o [2]
EvrRtxDelayError             0x2999     0x2  Code  Gb  rtx_evr.o [2]
EvrRtxDelayUntil             0x299d     0x2  Code  Gb  rtx_evr.o [2]
EvrRtxDelayUntilStarted
                             0x299b     0x2  Code  Gb  rtx_evr.o [2]
EvrRtxEventFlagsWaitTimeout
                              0xb25     0x2  Code  Gb  rtx_evr.o [2]
EvrRtxKernelError            0x2455     0x2  Code  Gb  rtx_evr.o [2]
EvrRtxKernelGetState         0x249d     0x2  Code  Gb  rtx_evr.o [2]
EvrRtxKernelGetTickCount
                             0x251d     0x2  Code  Gb  rtx_evr.o [2]
EvrRtxKernelInitialize       0x2519     0x2  Code  Gb  rtx_evr.o [2]
EvrRtxKernelInitialized
                             0x249b     0x2  Code  Gb  rtx_evr.o [2]
EvrRtxKernelStart            0x251b     0x2  Code  Gb  rtx_evr.o [2]
EvrRtxKernelStarted          0x2515     0x2  Code  Gb  rtx_evr.o [2]
EvrRtxMemoryAlloc            0x10d7     0x2  Code  Gb  rtx_evr.o [2]
EvrRtxMemoryBlockAlloc       0x10d3     0x2  Code  Gb  rtx_evr.o [2]
EvrRtxMemoryBlockFree        0x10d5     0x2  Code  Gb  rtx_evr.o [2]
EvrRtxMemoryBlockInit        0x10d1     0x2  Code  Gb  rtx_evr.o [2]
EvrRtxMemoryFree             0x110b     0x2  Code  Gb  rtx_evr.o [2]
EvrRtxMemoryInit             0x2a11     0x2  Code  Gb  rtx_evr.o [2]
EvrRtxMemoryPoolAllocTimeout
                              0xb2b     0x2  Code  Gb  rtx_evr.o [2]
EvrRtxMessageQueueCreated
                             0x17ef     0x2  Code  Gb  rtx_evr.o [2]
EvrRtxMessageQueueError
                             0x17e7     0x2  Code  Gb  rtx_evr.o [2]
EvrRtxMessageQueueGet        0x1973     0x2  Code  Gb  rtx_evr.o [2]
EvrRtxMessageQueueGetPending
                             0x17f5     0x2  Code  Gb  rtx_evr.o [2]
EvrRtxMessageQueueGetTimeout
                              0xb2d     0x2  Code  Gb  rtx_evr.o [2]
EvrRtxMessageQueueInsertPending
                             0x1971     0x2  Code  Gb  rtx_evr.o [2]
EvrRtxMessageQueueInserted
                             0x17e3     0x2  Code  Gb  rtx_evr.o [2]
EvrRtxMessageQueueNew        0x17f9     0x2  Code  Gb  rtx_evr.o [2]
EvrRtxMessageQueueNotInserted
                             0x17f3     0x2  Code  Gb  rtx_evr.o [2]
EvrRtxMessageQueueNotRetrieved
                             0x17f7     0x2  Code  Gb  rtx_evr.o [2]
EvrRtxMessageQueuePut        0x17fb     0x2  Code  Gb  rtx_evr.o [2]
EvrRtxMessageQueuePutPending
                             0x17f1     0x2  Code  Gb  rtx_evr.o [2]
EvrRtxMessageQueuePutTimeout
                              0xb2f     0x2  Code  Gb  rtx_evr.o [2]
EvrRtxMessageQueueRetrieved
                             0x17e5     0x2  Code  Gb  rtx_evr.o [2]
EvrRtxMutexAcquire           0x111b     0x2  Code  Gb  rtx_evr.o [2]
EvrRtxMutexAcquirePending
                             0x1115     0x2  Code  Gb  rtx_evr.o [2]
EvrRtxMutexAcquireTimeout
                              0xb27     0x2  Code  Gb  rtx_evr.o [2]
EvrRtxMutexAcquired          0x110f     0x2  Code  Gb  rtx_evr.o [2]
EvrRtxMutexCreated           0x1113     0x2  Code  Gb  rtx_evr.o [2]
EvrRtxMutexError             0x1111     0x2  Code  Gb  rtx_evr.o [2]
EvrRtxMutexNew               0x1119     0x2  Code  Gb  rtx_evr.o [2]
EvrRtxMutexNotAcquired       0x1117     0x2  Code  Gb  rtx_evr.o [2]
EvrRtxMutexRelease           0x111d     0x2  Code  Gb  rtx_evr.o [2]
EvrRtxMutexReleased          0x110d     0x2  Code  Gb  rtx_evr.o [2]
EvrRtxSemaphoreAcquireTimeout
                              0xb29     0x2  Code  Gb  rtx_evr.o [2]
EvrRtxThreadBlocked           0xb5f     0x2  Code  Gb  rtx_evr.o [2]
EvrRtxThreadCreated           0xd0f     0x2  Code  Gb  rtx_evr.o [2]
EvrRtxThreadDestroyed        0x10ab     0x2  Code  Gb  rtx_evr.o [2]
EvrRtxThreadError             0xc83     0x2  Code  Gb  rtx_evr.o [2]
EvrRtxThreadExit             0x10af     0x2  Code  Gb  rtx_evr.o [2]
EvrRtxThreadFlagsWaitCompleted
                              0xb61     0x2  Code  Gb  rtx_evr.o [2]
EvrRtxThreadFlagsWaitTimeout
                              0xb23     0x2  Code  Gb  rtx_evr.o [2]
EvrRtxThreadJoined           0x10a9     0x2  Code  Gb  rtx_evr.o [2]
EvrRtxThreadNew              0x10ad     0x2  Code  Gb  rtx_evr.o [2]
EvrRtxThreadPreempted         0xb33     0x2  Code  Gb  rtx_evr.o [2]
EvrRtxThreadSwitched          0xb5d     0x2  Code  Gb  rtx_evr.o [2]
EvrRtxThreadUnblocked         0xb31     0x2  Code  Gb  rtx_evr.o [2]
EvrRtxTimerCallback          0x2e31     0x2  Code  Gb  rtx_evr.o [2]
GPIODirModeSet               0x27c1    0x28  Code  Gb  gpio.o [4]
GPIOIntClear                 0x293d     0x8  Code  Gb  gpio.o [4]
GPIOIntEnable                0x2937     0x6  Code  Gb  gpio.o [4]
GPIOIntTypeSet               0x27e9    0x4c  Code  Gb  gpio.o [4]
GPIOJ_Handler                0x1d7b    0x48  Code  Gb  tarefas.o [1]
GPIOPadConfigSet             0x2835   0x102  Code  Gb  gpio.o [4]
GPIOPinRead                  0x2945     0x8  Code  Gb  gpio.o [4]
GPIOPinTypeGPIOInput         0x2959    0x14  Code  Gb  gpio.o [4]
GPIOPinTypeGPIOOutput        0x296d     0xa  Code  Gb  gpio.o [4]
GPIOPinWrite                 0x294d     0x8  Code  Gb  gpio.o [4]
IntEnable                    0x29a1    0x52  Code  Gb  interrupt.o [4]
LEDInit                      0x21bd    0xba  Code  Gb  driverleds.o [1]
LEDOff                       0x22b5    0x3e  Code  Gb  driverleds.o [1]
LEDOn                        0x2277    0x3e  Code  Gb  driverleds.o [1]
MessageQueueGet              0x116d    0x40  Code  Lc  rtx_msgqueue.o [2]
MessageQueuePut              0x1121    0x4a  Code  Lc  rtx_msgqueue.o [2]
MessageQueueRemove           0x11ad    0x1a  Code  Lc  rtx_msgqueue.o [2]
OS_Tick_AcknowledgeIRQ       0x19d5     0xc  Code  Gb  os_systick.o [2]
OS_Tick_Enable               0x24e9    0x2c  Code  Gb  os_systick.o [2]
OS_Tick_GetIRQn              0x24e1     0x6  Code  Gb  os_systick.o [2]
OS_Tick_Setup                0x24a1    0x40  Code  Gb  os_systick.o [2]
PendST                  0x2000'143d     0x1  Data  Lc  os_systick.o [2]
PendSV_Handler               0x2c5d          Code  Gb  irq_cm4f.o [2]
Region$$Table$$Base          0x2f3c           --   Gb  - Linker created -
Region$$Table$$Limit         0x2f5c           --   Gb  - Linker created -
SVC_Handler                  0x2bc5          Code  Gb  irq_cm4f.o [2]
SysCtlClockFreqSet           0x2583   0x1fc  Code  Gb  sysctl.o [4]
SysCtlPeripheralEnable       0x2565     0x8  Code  Gb  sysctl.o [4]
SysCtlPeripheralReady        0x2543     0x8  Code  Gb  sysctl.o [4]
SysTick_Handler              0x2c6d          Code  Gb  irq_cm4f.o [2]
SystemCoreClock         0x2000'1440     0x4  Data  Gb  system_TM4C1294_TW.o [1]
SystemInit                   0x2e9d    0x1c  Code  Gb  system_TM4C1294_TW.o [1]
ThreadFlagsCheck              0x3c1    0x6c  Code  Lc  rtx_thread.o [2]
TimerInsert                  0x2c89    0x38  Code  Lc  rtx_timer.o [2]
_SysCtlMemTimingGet          0x2521    0x22  Code  Lc  sysctl.o [4]
__Vectors                       0x0           --   Gb  startup_TM4C1294.o [1]
__Vectors_End                 0x3c0          Data  Gb  startup_TM4C1294.o [1]
__Vectors_Size {Abs}          0x3c0           --   Gb  startup_TM4C1294.o [1]
__aeabi_memclr               0x17e9          Code  Gb  ABImemclr.o [5]
__aeabi_memclr4               0xd09          Code  Gb  ABImemclr4.o [5]
__aeabi_memcpy               0x173d          Code  Gb  ABImemcpy.o [5]
__aeabi_memcpy4              0x175d          Code  Gb  ABImemcpy.o [5]
__aeabi_memcpy8              0x175d          Code  Gb  ABImemcpy.o [5]
__cmain                      0x2f5d          Code  Gb  cmain.o [5]
__exit                       0x2f91    0x14  Code  Gb  exit.o [6]
__iar_Memset4_word           0x10d9          Code  Gb  ABImemset48.o [5]
__iar_Memset8_word           0x10d9          Code  Gb  ABImemset48.o [5]
__iar_Memset_word            0x1975          Code  Gb  ABImemset.o [5]
__iar_data_init3             0x2ecd    0x28  Code  Gb  data_init.o [5]
__iar_init_vfp               0x2fc9          Code  Wk  startup_TM4C1294.o [1]
__iar_packbits_init_single3
                              0xb63    0x3a  Code  Gb  packbits_init_single.o [5]
__iar_program_start          0x2fa5          Code  Gb  cstartup_M.o [5]
__iar_zero_init3             0x2e33    0x38  Code  Gb  zero_init3.o [5]
__low_level_init             0x2f7b     0x4  Code  Gb  low_level_init.o [3]
__vector_table                  0x0          Data  Gb  startup_TM4C1294.o [1]
__vector_table_0x1c            0x1c          Data  Gb  startup_TM4C1294.o [1]
_call_main                   0x2f69          Code  Gb  cmain.o [5]
_exit                        0x2f85          Code  Gb  cexit.o [5]
control_id              0x2000'142c     0x4  Data  Gb  tarefas.o [1]
control_task                 0x19e1   0x206  Code  Gb  tarefas.o [1]
exit                         0x2f7f     0x4  Code  Gb  exit.o [3]
g_pppui32XTALtoVCO           0x2a14   0x1b0  Data  Lc  sysctl.o [4]
g_pui32EnRegs                0x29fc    0x14  Data  Lc  interrupt.o [4]
g_pui32VCOFrequencies        0x27b8     0x8  Data  Lc  sysctl.o [4]
g_pui32Xtals                 0x2d18    0x6c  Data  Lc  sysctl.o [4]
g_sXTALtoMEMTIM              0x2e6c    0x30  Data  Lc  sysctl.o [4]
ledPWM1                 0x2000'13f4     0x8  Data  Gb  tarefas.o [1]
ledPWM2                 0x2000'13fc     0x8  Data  Gb  tarefas.o [1]
ledPWM3                 0x2000'1404     0x8  Data  Gb  tarefas.o [1]
ledPWM4                 0x2000'140c     0x8  Data  Gb  tarefas.o [1]
main                         0x1dc3    0xee  Code  Gb  tarefas.o [1]
message_id              0x2000'1438     0x4  Data  Gb  tarefas.o [1]
msg1                    0x2000'1414     0x8  Data  Gb  tarefas.o [1]
mutex1_id               0x2000'1430     0x4  Data  Gb  tarefas.o [1]
mutex2_id               0x2000'1434     0x4  Data  Gb  tarefas.o [1]
osDelayUntil                 0x2341    0x38  Code  Gb  rtx_delay.o [2]
osKernelGetState             0x20f1    0x40  Code  Gb  rtx_kernel.o [2]
osKernelGetTickCount         0x2165    0x20  Code  Gb  rtx_kernel.o [2]
osKernelInitialize           0x20b9    0x38  Code  Gb  rtx_kernel.o [2]
osKernelStart                0x2131    0x34  Code  Gb  rtx_kernel.o [2]
osMessageQueueGet            0x1699    0x90  Code  Gb  rtx_msgqueue.o [2]
osMessageQueueNew            0x15c1    0x3e  Code  Gb  rtx_msgqueue.o [2]
osMessageQueuePut            0x1601    0x98  Code  Gb  rtx_msgqueue.o [2]
osMutexAcquire               0x1019    0x3e  Code  Gb  rtx_mutex.o [2]
osMutexNew                    0xfe1    0x36  Code  Gb  rtx_mutex.o [2]
osMutexRelease               0x1059    0x3a  Code  Gb  rtx_mutex.o [2]
osRtxConfig                  0x2d84    0x68  Data  Gb  rtx_lib.o [1]
osRtxErrorNotify             0x10b1    0x20  Code  Gb  RTX_Config.o [1]
osRtxIdleThread               0xd5b     0x2  Code  Gb  RTX_Config.o [1]
osRtxInfo               0x2000'0000    0xa4  Data  Gb  rtx_kernel.o [2]
osRtxKernelPreInit           0x2517     0x2  Code  Gb  rtx_lib.o [1]
osRtxMemoryAlloc              0xc85    0x84  Code  Gb  rtx_memory.o [2]
osRtxMemoryFree               0xd11    0x4a  Code  Gb  rtx_memory.o [2]
osRtxMemoryInit              0x2457    0x44  Code  Gb  rtx_memory.o [2]
osRtxMemoryPoolAlloc          0xbe9    0x44  Code  Gb  rtx_mempool.o [2]
osRtxMemoryPoolFree           0xc2d    0x56  Code  Gb  rtx_mempool.o [2]
osRtxMemoryPoolInit           0xb9d    0x4a  Code  Gb  rtx_mempool.o [2]
osRtxMessageQueuePostProcess
                             0x11c7    0xe6  Code  Lc  rtx_msgqueue.o [2]
osRtxMutexOwnerRelease        0xd5d    0x52  Code  Gb  rtx_mutex.o [2]
osRtxPendSV_Handler          0x186d    0x8a  Code  Gb  rtx_system.o [2]
osRtxPostProcess             0x18f9    0x6e  Code  Gb  rtx_system.o [2]
osRtxThreadBlock              0x64b    0x34  Code  Lc  rtx_thread.o [2]
osRtxThreadDelayInsert        0x4a3    0x62  Code  Lc  rtx_thread.o [2]
osRtxThreadDelayRemove        0x505    0x44  Code  Lc  rtx_thread.o [2]
osRtxThreadDelayTick          0x549    0xee  Code  Gb  rtx_thread.o [2]
osRtxThreadDispatch           0x69b    0x54  Code  Gb  rtx_thread.o [2]
osRtxThreadFree               0x989    0x56  Code  Lc  rtx_thread.o [2]
osRtxThreadListGet            0x44f    0x14  Code  Gb  rtx_thread.o [2]
osRtxThreadListPut            0x42d    0x22  Code  Gb  rtx_thread.o [2]
osRtxThreadListRemove         0x485    0x16  Code  Gb  rtx_thread.o [2]
osRtxThreadListSort           0x463    0x22  Code  Gb  rtx_thread.o [2]
osRtxThreadPostProcess        0x763    0x54  Code  Lc  rtx_thread.o [2]
osRtxThreadReadyPut           0x49b     0x8  Code  Gb  rtx_thread.o [2]
osRtxThreadRegPtr             0x637    0x14  Code  Gb  rtx_thread.o [2]
osRtxThreadStackCheck         0xb35    0x28  Code  Gb  rtx_thread.o [2]
osRtxThreadStartup            0xa71    0x30  Code  Gb  rtx_thread.o [2]
osRtxThreadSwitch             0x67f    0x1c  Code  Gb  rtx_thread.o [2]
osRtxThreadWaitEnter          0x729    0x3a  Code  Gb  rtx_thread.o [2]
osRtxThreadWaitExit           0x6f5    0x2e  Code  Gb  rtx_thread.o [2]
osRtxTick_Handler            0x17fd    0x6e  Code  Gb  rtx_system.o [2]
osRtxTimerThread             0x2ded    0x44  Code  Gb  rtx_timer.o [2]
osRtxTimerTick               0x2cc1    0x54  Code  Lc  rtx_timer.o [2]
osRtxUserSVC                 0x2fec     0x4  Data  Gb  rtx_lib.o [1]
osThreadExit                  0xaed    0x16  Code  Gb  rtx_thread.o [2]
osThreadNew                   0xaa5    0x40  Code  Gb  rtx_thread.o [2]
os_idle_thread_attr          0x2ef4    0x24  Data  Lc  rtx_lib.o [1]
os_idle_thread_cb       0x2000'12f8    0x44  Data  Lc  rtx_lib.o [1]
os_idle_thread_stack    0x2000'10a8   0x100  Data  Lc  rtx_lib.o [1]
os_isr_queue            0x2000'1380    0x40  Data  Lc  rtx_lib.o [1]
os_mem                  0x2000'00a8  0x1000  Data  Lc  rtx_lib.o [1]
os_timer_mq_attr             0x2fd4    0x18  Data  Lc  rtx_lib.o [1]
os_timer_mq_cb          0x2000'13c0    0x34  Data  Lc  rtx_lib.o [1]
os_timer_mq_data        0x2000'12a8    0x50  Data  Lc  rtx_lib.o [1]
os_timer_thread_attr         0x2f18    0x24  Data  Lc  rtx_lib.o [1]
os_timer_thread_cb      0x2000'133c    0x44  Data  Lc  rtx_lib.o [1]
os_timer_thread_stack   0x2000'11a8   0x100  Data  Lc  rtx_lib.o [1]
read_queue              0x2000'143c     0x1  Data  Gb  tarefas.o [1]
svcRtxDelayUntil             0x2305    0x3c  Code  Lc  rtx_delay.o [2]
svcRtxKernelGetState         0x200b    0x12  Code  Lc  rtx_kernel.o [2]
svcRtxKernelGetTickCount
                             0x20b3     0x4  Code  Lc  rtx_kernel.o [2]
svcRtxKernelInitialize       0x1ef5   0x116  Code  Lc  rtx_kernel.o [2]
svcRtxKernelStart            0x201d    0x96  Code  Lc  rtx_kernel.o [2]
svcRtxMessageQueueGet        0x14b1    0xe8  Code  Lc  rtx_msgqueue.o [2]
svcRtxMessageQueueNew        0x12ad   0x130  Code  Lc  rtx_msgqueue.o [2]
svcRtxMessageQueuePut        0x13dd    0xd4  Code  Lc  rtx_msgqueue.o [2]
svcRtxMutexAcquire            0xe2d    0xd2  Code  Lc  rtx_mutex.o [2]
svcRtxMutexNew                0xdaf    0x7e  Code  Lc  rtx_mutex.o [2]
svcRtxMutexRelease            0xeff    0xd6  Code  Lc  rtx_mutex.o [2]
svcRtxThreadExit              0x9df    0x8e  Code  Lc  rtx_thread.o [2]
svcRtxThreadNew               0x7b7   0x1cc  Code  Lc  rtx_thread.o [2]
thread1_id              0x2000'141c     0x4  Data  Gb  tarefas.o [1]
thread2_id              0x2000'1420     0x4  Data  Gb  tarefas.o [1]
thread3_id              0x2000'1424     0x4  Data  Gb  tarefas.o [1]
thread4_id              0x2000'1428     0x4  Data  Gb  tarefas.o [1]
threadPWM                    0x1be7   0x194  Code  Gb  tarefas.o [1]


[1] = C:\Users\Andre\Desktop\TM4C1294_RTOS_IAR9-main\Projects\desafio\Debug\Obj
[2] = RTX_CM.a
[3] = dl7M_tln.a
[4] = driverlib.a
[5] = rt7M_tl.a
[6] = shb_l.a

  11'444 bytes of readonly  code memory
     841 bytes of readonly  data memory
  37'954 bytes of readwrite data memory

Errors: none
Warnings: none
